╭─senorbuen0@Trimethy in repo: TBD-EVA3-22550336 on  main
╰─λ sudo mysql -u root -p
[sudo] password for senorbuen0:
mysql: Deprecated program name. It will be removed in a future release, use '/usr/bin/mariadb' instead
Enter password:
Welcome to the MariaDB monitor.  Commands end with ; or \g.
Your MariaDB connection id is 6
Server version: 11.5.2-MariaDB Arch Linux

Copyright (c) 2000, 2018, Oracle, MariaDB Corporation Ab and others.

Type 'help;' or '\h' for help. Type '\c' to clear the current input statement.

MariaDB [(none)]> USE tbd_eva3;
Reading table information for completion of table and column names
You can turn off this feature to get a quicker startup with -A

Database changed
MariaDB [tbd_eva3]> CREATE TABLE prueba(id INT KEY NOT NULL);
Query OK, 0 rows affected (0.016 sec)

MariaDB [tbd_eva3]> DESC prueba;
+-------+---------+------+-----+---------+-------+
| Field | Type    | Null | Key | Default | Extra |
+-------+---------+------+-----+---------+-------+
| id    | int(11) | NO   | PRI | NULL    |       |
+-------+---------+------+-----+---------+-------+
1 row in set (0.001 sec)

MariaDB [tbd_eva3]> CALL insertar_prueba(1);
+-------------------------------+
| msg                           |
+-------------------------------+
| Clave correctamente insertada |
+-------------------------------+
1 row in set (0.004 sec)

Query OK, 1 row affected (0.004 sec)

MariaDB [tbd_eva3]> CALL insertar_prueba(1);
+------------------------+
| msg                    |
+------------------------+
| Error: clave duplicada |
+------------------------+
1 row in set (0.000 sec)

Query OK, 0 rows affected (0.000 sec)

MariaDB [tbd_eva3]> USE Empresa;
Reading table information for completion of table and column names
You can turn off this feature to get a quicker startup with -A

Database changed
MariaDB [Empresa]> DESC countries;
+--------------+---------------+------+-----+---------+-------+
| Field        | Type          | Null | Key | Default | Extra |
+--------------+---------------+------+-----+---------+-------+
| COUNTRY_ID   | varchar(2)    | NO   | PRI | NULL    |       |
| COUNTRY_NAME | varchar(40)   | YES  |     | NULL    |       |
| REGION_ID    | decimal(10,0) | YES  | MUL | NULL    |       |
+--------------+---------------+------+-----+---------+-------+
3 rows in set (0.001 sec)

MariaDB [Empresa]> SET @valor = 0;
Query OK, 0 rows affected (0.000 sec)

MariaDB [Empresa]> CALL contar_paises(@valor);
ERROR 1328 (HY000): Incorrect number of FETCH variables
MariaDB [Empresa]> CALL contar_paises(@valor);
ERROR 1328 (HY000): Incorrect number of FETCH variables
MariaDB [Empresa]> CALL contar_paises(@valor);
ERROR 1328 (HY000): Incorrect number of FETCH variables
MariaDB [Empresa]> CALL contar_paises(@valor);
Query OK, 0 rows affected (0.001 sec)

MariaDB [Empresa]> SELECT @valor;
+--------+
| @valor |
+--------+
|     30 |
+--------+
1 row in set (0.000 sec)

MariaDB [Empresa]> exit;
Bye
